// Jest Snapshot v1, https://goo.gl/fbAQLP

exports[`App Component should Match snapshot 1`] = `
<DocumentFragment>
  <div>
    <div>
      Login Page
    </div>
  </div>
</DocumentFragment>
`;
